I'm sorry, but errors were detected in your script. Please correct the
errors listed below, and try again.


File "game/chapter_6.rpy", line 6: Tab characters are not allowed in Ren'Py scripts.

Ren'Py Version: Ren'Py 6.99.12.2.2029
